Godot Engine v4.6.1.stable.official.14d19694e - https://godotengine.org

[0.00][guest] driver starting role=guest
[0.17][guest] guest joining room EUBJH
[0.17][guest] connected id=player_a16b7006-803a-46ac-9674-464173568743
[0.17][guest] room joined players=2 host=player_b30ffcd0-93fe-4fca-99ca-c3eed1c74428
[0.17][guest] game_started
--Main Shader--
   18 |  vec2 wind = normalize(max(abs(wind_direction.xz), vec2(0.001)) * sign(wind_direction.xz));
   19 |  float instance_seed = hash11(float(INSTANCE_ID) * 0.173);
E  20->  float phase = TIME * sway_speed + INSTANCE_ID * 0.73 + VERTEX.x * 3.2;
   21 |  float gust = sin(TIME * 0.75 + float(INSTANCE_ID) * 0.17 + VERTEX.y * 2.6) * 0.5 + 0.5;
   22 |  float sway = sin(phase) * sway_strength + gust * gust_strength;
[0.17][guest] turn manager ready host=false
[0.17][guest] ready local=AI MARBLE1 remote=AI MARBLE1 client_active= actor= active=PlayerMarble,AI MARBLE1 owners=
[0.33][guest] jump step=9.638 pos=(-1.2, 0.612, -8.0) last=(-0.375, 0.368582, -17.6) phase=0 active=PlayerMarble
[3.60][guest] jump step=8.855 pos=(-0.441855, 0.361219, -16.82205) last=(-1.2, 0.30644, -8.0) phase=0 active=PlayerMarble
[4.57][guest] guest input ready local=AI MARBLE1 remote=AI MARBLE1 client_active=AI MARBLE1 actor= active=PlayerMarble,AI MARBLE1 owners=
[4.57][guest] guest remote shot start
[4.69][guest] guest remote shot sent
LAN turn: attack from the hole.
[21.02][guest] room updated players=2 started=true
[24.01][guest] finish code=0 guest ok shot=true samples=3435 jumps=2 max_step=9.638
