Godot Engine v4.6.1.stable.official.14d19694e - https://godotengine.org

[0.00][host] driver starting role=host
[0.19][host] connected id=player_b30ffcd0-93fe-4fca-99ca-c3eed1c74428
[0.19][host] room joined players=1 host=player_b30ffcd0-93fe-4fca-99ca-c3eed1c74428
[0.19][host] room updated players=1 started=false
[0.19][host] room created code=EUBJH
[1.15][host] game_started
--Main Shader--
   18 |  vec2 wind = normalize(max(abs(wind_direction.xz), vec2(0.001)) * sign(wind_direction.xz));
   19 |  float instance_seed = hash11(float(INSTANCE_ID) * 0.173);
E  20->  float phase = TIME * sway_speed + INSTANCE_ID * 0.73 + VERTEX.x * 3.2;
   21 |  float gust = sin(TIME * 0.75 + float(INSTANCE_ID) * 0.17 + VERTEX.y * 2.6) * 0.5 + 0.5;
   22 |  float sway = sin(phase) * sway_strength + gust * gust_strength;
[1.15][host] turn manager ready host=true
[1.15][host] ready local= remote=AI MARBLE1 client_active= actor= active=PlayerMarble,AI MARBLE1 owners=PlayerMarble:,AI MARBLE1:player_a16b7006-803a-46ac-9674-464173568743
Forced camera start on PlayerMarble
PlayerMarble turn: true
[4.57][host] actor=PlayerMarble local= remote=AI MARBLE1 client_active= actor=PlayerMarble active=PlayerMarble,AI MARBLE1 owners=PlayerMarble:,AI MARBLE1:player_a16b7006-803a-46ac-9674-464173568743
[4.57][host] host local player shot
Player shot registered.
PlayerMarble turn:false
[5.56][host] actor=AI MARBLE1 local= remote=AI MARBLE1 client_active= actor=AI MARBLE1 active=PlayerMarble,AI MARBLE1 owners=PlayerMarble:,AI MARBLE1:player_a16b7006-803a-46ac-9674-464173568743
AIAI MARBLE1shooting with impulse =10.8
Lineup complete. Turn order: ["sid", "sid"]
AI MARBLE1 missed and the turn moves on.
PlayerMarble turn: true
[18.96][host] actor=PlayerMarble local= remote=AI MARBLE1 client_active= actor=PlayerMarble active=PlayerMarble,AI MARBLE1 owners=PlayerMarble:,AI MARBLE1:player_a16b7006-803a-46ac-9674-464173568743
Player is taking a while to shoot.
[22.00][host] finish code=0 host ok collisions=24
