Godot Engine v4.6.1.stable.official.14d19694e - https://godotengine.org

[0.00][host] driver starting role=host
[0.19][host] connected id=player_963d32cd-5f75-4fb9-bedb-de5842103347
[0.19][host] room joined players=1 host=player_963d32cd-5f75-4fb9-bedb-de5842103347
[0.19][host] room updated players=1 started=false
[0.19][host] room created code=E4A4E
[1.13][host] game_started
[1.13][host] turn manager ready host=true
[1.13][host] ready local= remote=AI MARBLE1 client_active= actor= active=PlayerMarble,AI MARBLE1 owners=PlayerMarble:,AI MARBLE1:player_ccf67df2-225e-4e19-b26c-db845e2f90e5
Forced camera start on PlayerMarble
PlayerMarble turn: true
[4.56][host] actor=PlayerMarble local= remote=AI MARBLE1 client_active= actor=PlayerMarble active=PlayerMarble,AI MARBLE1 owners=PlayerMarble:,AI MARBLE1:player_ccf67df2-225e-4e19-b26c-db845e2f90e5
[4.56][host] host local player shot
Player shot registered.
PlayerMarble turn:false
[5.56][host] actor=AI MARBLE1 local= remote=AI MARBLE1 client_active= actor=AI MARBLE1 active=PlayerMarble,AI MARBLE1 owners=PlayerMarble:,AI MARBLE1:player_ccf67df2-225e-4e19-b26c-db845e2f90e5
AIAI MARBLE1shooting with impulse =10.8
Lineup complete. Turn order: ["sid", "sid"]
AIAI MARBLE1shooting with impulse =10.8
AI MARBLE1 missed and the turn moves on.
PlayerMarble turn: true
[14.38][host] actor=PlayerMarble local= remote=AI MARBLE1 client_active= actor=PlayerMarble active=PlayerMarble,AI MARBLE1 owners=PlayerMarble:,AI MARBLE1:player_ccf67df2-225e-4e19-b26c-db845e2f90e5
Player is taking a while to shoot.
[22.01][host] finish code=0 host ok collisions=30
