Godot Engine v4.6.1.stable.official.14d19694e - https://godotengine.org

[0.00][host] driver starting role=host
[0.19][host] connected id=player_8873bb14-1a22-4d85-8f88-5bef6efee2f3
[0.19][host] room joined players=1 host=player_8873bb14-1a22-4d85-8f88-5bef6efee2f3
[0.19][host] room created code=JEDC5
[1.15][host] game_started
[1.15][host] turn manager ready host=true local=
Forced camera start on PlayerMarble
PlayerMarble turn: true
[4.56][host] host player shot
Player shot registered.
PlayerMarble turn:false
AIAI MARBLE1shooting with impulse =10.8
Lineup complete. Turn order: ["sid", "sid"]
AIAI MARBLE1shooting with impulse =10.8
AI MARBLE1 missed and the turn moves on.
PlayerMarble turn: true
Player is taking a while to shoot.
Player is taking a while to shoot.
Player is taking a while to shoot.
[28.01][host] finish code=0 host done
